\BOOKMARK [0][-]{chapter*.2}{\376\377\006\047\006\314\006\106\000\040\006\063\006\106\006\057\000\040\006\206\006\257\006\110\006\106\006\107\000\040\006\056\006\110\006\047\006\106\006\057\006\107\000\040\006\064\006\110\006\057}{}% 1
\BOOKMARK [-1][-]{part.1}{\376\377\006\050\006\056\006\064\000\040\0001\000\040\006\106\006\102\006\064\006\107\006\124\000\040\006\105\006\101\006\107\006\110\006\105\006\314}{}% 2
\BOOKMARK [0][-]{chapter.1.1}{\376\377\006\106\006\102\006\064\006\107\006\124\000\040\006\062\006\106\006\057\006\107}{part.1}% 3
\BOOKMARK [1][-]{section.1.1.1}{\376\377\006\054\006\047\006\314\006\257\006\047\006\107\000\040\006\057\006\061\000\040\006\106\006\102\006\064\006\107}{chapter.1.1}% 4
\BOOKMARK [1][-]{section.1.1.2}{\376\377\006\047\006\314\006\057\006\107\006\124\000\040\006\064\006\107\006\110\006\057\006\314}{chapter.1.1}% 5
\BOOKMARK [1][-]{section.1.1.3}{\376\377\006\055\006\057\006\047\006\102\006\104\000\040\006\101\006\061\006\105\006\047\006\104\006\314\006\063\006\105}{chapter.1.1}% 6
\BOOKMARK [1][-]{section.1.1.4}{\376\377\006\257\006\063\006\052\006\061\006\064\000\040\006\106\006\102\006\064\006\107\000:\000\040\006\257\006\061\006\105\006\047\006\314\006\314\006\014\000\040\006\063\006\047\006\105\006\047\006\106\006\107\006\124\000\040\006\050\006\047\006\062\006\014\000\040\006\052\006\061\006\047\006\050\006\061\006\057}{chapter.1.1}% 7
\BOOKMARK [1][-]{section.1.1.5}{\376\377\006\206\006\107\000\040\006\110\006\102\006\052\000\040\006\047\006\063\006\052\006\101\006\047\006\057\006\107\000\040\006\105\006\314\040\014\006\064\006\110\006\057}{chapter.1.1}% 8
\BOOKMARK [-1][-]{part.2}{\376\377\006\050\006\056\006\064\000\040\0002\000\040\006\176\006\047\006\314\006\107\040\014\006\107\006\047\006\314\000\040\006\105\006\055\006\047\006\063\006\050\006\047\006\052\006\314}{}% 9
\BOOKMARK [0][-]{chapter.2.1}{\376\377\006\047\006\104\006\257\006\110\006\061\006\314\006\052\006\105\000\040\006\206\006\314\006\063\006\052\006\037}{part.2}% 10
\BOOKMARK [1][-]{section.2.1.1}{\376\377\006\054\006\047\006\314\006\257\006\047\006\107\000\040\006\057\006\061\000\040\006\106\006\102\006\064\006\107}{chapter.2.1}% 11
\BOOKMARK [1][-]{section.2.1.2}{\376\377\006\047\006\314\006\057\006\107\006\124\000\040\006\064\006\107\006\110\006\057\006\314}{chapter.2.1}% 12
\BOOKMARK [1][-]{section.2.1.3}{\376\377\006\055\006\057\006\047\006\102\006\104\000\040\006\101\006\061\006\105\006\047\006\104\006\314\006\063\006\105}{chapter.2.1}% 13
\BOOKMARK [1][-]{section.2.1.4}{\376\377\006\206\006\107\000\040\006\110\006\102\006\052\000\040\006\047\006\063\006\052\006\101\006\047\006\057\006\107\000\040\006\105\006\314\040\014\006\064\006\110\006\057}{chapter.2.1}% 14
\BOOKMARK [0][-]{chapter.2.2}{\376\377\006\056\006\047\006\106\006\110\006\047\006\057\006\107\040\014\006\107\006\047\006\314\000\040\006\251\006\104\006\047\006\063\006\314\006\251\006\120\000\040\006\105\006\061\006\052\006\050\006\067}{part.2}% 15
\BOOKMARK [1][-]{section.2.2.1}{\376\377\006\054\006\047\006\314\006\257\006\047\006\107\000\040\006\057\006\061\000\040\006\106\006\102\006\064\006\107}{chapter.2.2}% 16
\BOOKMARK [1][-]{section.2.2.2}{\376\377\006\047\006\314\006\057\006\107\006\124\000\040\006\064\006\107\006\110\006\057\006\314}{chapter.2.2}% 17
\BOOKMARK [1][-]{section.2.2.3}{\376\377\006\055\006\057\006\047\006\102\006\104\000\040\006\101\006\061\006\105\006\047\006\104\006\314\006\063\006\105}{chapter.2.2}% 18
\BOOKMARK [1][-]{section.2.2.4}{\376\377\006\206\006\107\000\040\006\110\006\102\006\052\000\040\006\047\006\063\006\052\006\101\006\047\006\057\006\107\000\040\006\105\006\314\040\014\006\064\006\110\006\057}{chapter.2.2}% 19
\BOOKMARK [0][-]{chapter.2.3}{\376\377\006\105\006\057\006\104\000\040\006\105\006\055\006\047\006\063\006\050\006\047\006\052\006\314\000\040\006\251\006\110\006\047\006\106\006\052\006\110\006\105\006\314}{part.2}% 20
\BOOKMARK [1][-]{section.2.3.1}{\376\377\006\054\006\047\006\314\006\257\006\047\006\107\000\040\006\057\006\061\000\040\006\106\006\102\006\064\006\107}{chapter.2.3}% 21
\BOOKMARK [1][-]{section.2.3.2}{\376\377\006\047\006\314\006\057\006\107\006\124\000\040\006\064\006\107\006\110\006\057\006\314}{chapter.2.3}% 22
\BOOKMARK [1][-]{section.2.3.3}{\376\377\006\055\006\057\006\047\006\102\006\104\000\040\006\101\006\061\006\105\006\047\006\104\006\314\006\063\006\105}{chapter.2.3}% 23
\BOOKMARK [1][-]{section.2.3.4}{\376\377\006\047\006\061\006\052\006\050\006\047\006\067}{chapter.2.3}% 24
\BOOKMARK [1][-]{section.2.3.5}{\376\377\006\206\006\107\000\040\006\110\006\102\006\052\000\040\006\047\006\063\006\052\006\101\006\047\006\057\006\107\000\040\006\105\006\314\040\014\006\064\006\110\006\057}{chapter.2.3}% 25
\BOOKMARK [0][-]{chapter.2.4}{\376\377\006\063\006\107\000\040\006\104\006\047\006\314\006\107\000:\000\040\006\047\006\104\006\257\006\110\006\061\006\314\006\052\006\105\006\014\000\040\006\064\006\050\006\314\006\107\040\014\006\063\006\047\006\062\006\314\006\014\000\040\006\047\006\050\006\062\006\047\006\061}{part.2}% 26
\BOOKMARK [1][-]{section.2.4.1}{\376\377\006\054\006\047\006\314\006\257\006\047\006\107\000\040\006\057\006\061\000\040\006\106\006\102\006\064\006\107}{chapter.2.4}% 27
\BOOKMARK [1][-]{section.2.4.2}{\376\377\006\047\006\314\006\057\006\107\006\124\000\040\006\064\006\107\006\110\006\057\006\314}{chapter.2.4}% 28
\BOOKMARK [1][-]{section.2.4.3}{\376\377\006\055\006\057\006\047\006\102\006\104\000\040\006\101\006\061\006\105\006\047\006\104\006\314\006\063\006\105}{chapter.2.4}% 29
\BOOKMARK [1][-]{section.2.4.4}{\376\377\006\047\006\061\006\052\006\050\006\047\006\067}{chapter.2.4}% 30
\BOOKMARK [1][-]{section.2.4.5}{\376\377\006\206\006\107\000\040\006\110\006\102\006\052\000\040\006\047\006\063\006\052\006\101\006\047\006\057\006\107\000\040\006\105\006\314\040\014\006\064\006\110\006\057}{chapter.2.4}% 31
\BOOKMARK [-1][-]{part.3}{\376\377\006\050\006\056\006\064\000\040\0003\000\040\006\047\006\062\000\040\006\105\006\063\006\046\006\104\006\107\006\124\000\040\006\101\006\314\006\062\006\314\006\251\006\314\000\040\006\052\006\047\000\040\006\054\006\061\006\314\006\047\006\106\000\040\006\251\006\047\006\061\006\314}{}% 32
\BOOKMARK [0][-]{chapter.3.1}{\376\377\006\047\006\062\000\040\006\105\006\063\006\046\006\104\006\107\006\124\000\040\006\101\006\314\006\062\006\314\006\251\006\314\000\040\006\052\006\047\000\040\006\107\006\047\006\105\006\314\006\104\006\052\006\110\006\106\006\314}{part.3}% 33
\BOOKMARK [1][-]{section.3.1.1}{\376\377\006\054\006\047\006\314\006\257\006\047\006\107\000\040\006\057\006\061\000\040\006\106\006\102\006\064\006\107}{chapter.3.1}% 34
\BOOKMARK [1][-]{section.3.1.2}{\376\377\006\047\006\314\006\057\006\107\006\124\000\040\006\064\006\107\006\110\006\057\006\314}{chapter.3.1}% 35
\BOOKMARK [1][-]{section.3.1.3}{\376\377\006\047\006\062\000\040\006\105\006\063\006\046\006\104\006\107\006\124\000\040\006\101\006\314\006\062\006\314\006\251\006\314\000\040\006\052\006\047\000\040\006\105\006\057\006\104\000\040\006\061\006\314\006\047\006\066\006\314}{chapter.3.1}% 36
\BOOKMARK [1][-]{section.3.1.4}{\376\377\006\107\006\047\006\105\006\314\006\104\006\052\006\110\006\106\006\314\000\040\006\251\006\104\006\047\006\063\006\314\006\251\000:\000\040\006\047\006\062\000\040\006\251\006\054\006\047\000\040\006\105\006\314\040\014\006\042\006\314\006\057\000\040\006\110\000\040\006\206\006\061\006\047\000\040\006\105\006\107\006\105\000\040\006\047\006\063\006\052\006\037}{chapter.3.1}% 37
\BOOKMARK [1][-]{section.3.1.5}{\376\377\006\107\006\047\006\105\006\314\006\104\006\052\006\110\006\106\006\314\000\040\006\251\006\110\006\047\006\106\006\052\006\110\006\105\006\314}{chapter.3.1}% 38
\BOOKMARK [1][-]{section.3.1.6}{\376\377\006\106\006\110\006\063\006\047\006\106\006\257\006\061\000\040\006\107\006\105\006\047\006\107\006\106\006\257\000\040\006\110\000\040\006\071\006\105\006\104\006\257\006\061\006\107\006\047\006\314\000\040\006\056\006\104\006\102\000\040\006\110\000\040\006\101\006\106\006\047}{chapter.3.1}% 39
\BOOKMARK [1][-]{section.3.1.7}{\376\377\006\105\006\053\006\047\006\104\000\040\006\251\006\047\006\061\006\314\000:\000\040\006\105\006\057\006\047\006\061\000\040\000L\000C\000\040\006\047\006\062\000\040\006\251\006\104\006\047\006\063\006\314\006\251\000\040\006\052\006\047\000\040\006\251\006\110\006\047\006\106\006\052\006\110\006\105}{chapter.3.1}% 40
\BOOKMARK [1][-]{section.3.1.8}{\376\377\006\056\006\047\006\106\006\110\006\047\006\057\006\107\040\014\006\107\006\047\006\314\000\040\006\105\006\057\006\104\000\040\006\057\006\061\000\040\006\064\006\050\006\314\006\107\040\014\006\063\006\047\006\062\006\314\000\040\006\251\006\110\006\047\006\106\006\052\006\110\006\105\006\314}{chapter.3.1}% 41
\BOOKMARK [1][-]{section.3.1.9}{\376\377\006\105\006\057\006\104\000\040\000I\000s\000i\000n\000g\000:\000\040\006\047\006\062\000\040\006\101\006\314\006\062\006\314\006\251\000\040\006\052\006\047\000\040\006\251\006\314\006\110\006\050\006\314\006\052}{chapter.3.1}% 42
\BOOKMARK [2][-]{subsection.3.1.9.1}{\376\377\006\047\006\314\006\057\006\107\006\124\000\040\006\101\006\314\006\062\006\314\006\251\006\314}{section.3.1.9}% 43
\BOOKMARK [2][-]{subsection.3.1.9.2}{\376\377\006\107\006\047\006\105\006\314\006\104\006\052\006\110\006\106\006\314\000\040\006\251\006\104\006\047\006\063\006\314\006\251}{section.3.1.9}% 44
\BOOKMARK [2][-]{subsection.3.1.9.3}{\376\377\006\105\006\053\006\047\006\104\000\040\006\251\006\047\006\105\006\104\000:\000\040\006\057\006\110\000\040\006\047\006\063\006\176\006\314\006\106\000\040\006\101\006\061\006\110\006\105\006\072\006\106\006\047\006\067\006\314\006\063}{section.3.1.9}% 45
\BOOKMARK [2][-]{subsection.3.1.9.4}{\376\377\000I\000s\000i\000n\000g\000\040\006\251\006\110\006\047\006\106\006\052\006\110\006\105\006\314\000\040\006\110\000\040\006\105\006\314\006\057\006\047\006\106\000\040\006\071\006\061\006\066\006\314}{section.3.1.9}% 46
\BOOKMARK [2][-]{subsection.3.1.9.5}{\376\377\006\206\006\061\006\047\000\040\006\057\006\061\000\040\006\047\006\104\006\257\006\110\006\061\006\314\006\052\006\105\040\014\006\107\006\047\006\314\000\040\006\251\006\110\006\047\006\106\006\052\006\110\006\105\006\314\000\040\006\047\006\314\006\106\040\014\006\102\006\057\006\061\000\040\006\057\006\314\006\057\006\107\000\040\006\105\006\314\040\014\006\064\006\110\006\057\006\037}{section.3.1.9}% 47
\BOOKMARK [2][-]{subsection.3.1.9.6}{\376\377\006\052\006\105\006\047\006\314\006\062\006\107\006\047\006\314\000\040\006\105\006\107\006\105}{section.3.1.9}% 48
\BOOKMARK [1][-]{section.3.1.10}{\376\377\006\055\006\057\006\047\006\102\006\104\000\040\006\101\006\061\006\105\006\047\006\104\006\314\006\063\006\105}{chapter.3.1}% 49
\BOOKMARK [1][-]{section.3.1.11}{\376\377\006\047\006\061\006\052\006\050\006\047\006\067}{chapter.3.1}% 50
\BOOKMARK [1][-]{section.3.1.12}{\376\377\006\206\006\107\000\040\006\110\006\102\006\052\000\040\006\047\006\063\006\052\006\101\006\047\006\057\006\107\000\040\006\105\006\314\040\014\006\064\006\110\006\057}{chapter.3.1}% 51
\BOOKMARK [0][-]{chapter.3.2}{\376\377\006\054\006\061\006\314\006\047\006\106\000\040\006\251\006\047\006\061\006\314\000\040\006\251\006\047\006\105\006\104}{part.3}% 52
\BOOKMARK [1][-]{section.3.2.1}{\376\377\006\054\006\047\006\314\006\257\006\047\006\107\000\040\006\057\006\061\000\040\006\106\006\102\006\064\006\107}{chapter.3.2}% 53
\BOOKMARK [1][-]{section.3.2.2}{\376\377\006\047\006\314\006\057\006\107\006\124\000\040\006\064\006\107\006\110\006\057\006\314}{chapter.3.2}% 54
\BOOKMARK [1][-]{section.3.2.3}{\376\377\006\055\006\057\006\047\006\102\006\104\000\040\006\101\006\061\006\105\006\047\006\104\006\314\006\063\006\105}{chapter.3.2}% 55
\BOOKMARK [1][-]{section.3.2.4}{\376\377\006\047\006\061\006\052\006\050\006\047\006\067}{chapter.3.2}% 56
\BOOKMARK [1][-]{section.3.2.5}{\376\377\006\206\006\107\000\040\006\110\006\102\006\052\000\040\006\047\006\063\006\052\006\101\006\047\006\057\006\107\000\040\006\105\006\314\040\014\006\064\006\110\006\057}{chapter.3.2}% 57
\BOOKMARK [-1][-]{part.4}{\376\377\006\050\006\056\006\064\000\040\0004\000\040\006\057\006\110\000\040\006\176\006\061\006\063\006\064\000\040\006\110\000\040\006\057\006\110\000\040\006\061\006\107\006\314\006\047\006\101\006\052}{}% 58
\BOOKMARK [0][-]{chapter.4.1}{\376\377\006\057\006\110\000\040\006\176\006\061\006\063\006\064\000\040\006\047\006\062\000\040\006\314\006\251\000\040\006\107\006\047\006\105\006\314\006\104\006\052\006\110\006\106\006\314\000:\000\040\006\057\006\314\006\106\006\047\006\105\006\314\006\251\000\040\006\110\000\040\006\067\006\314\006\101}{part.4}% 59
\BOOKMARK [1][-]{section.4.1.1}{\376\377\006\054\006\047\006\314\006\257\006\047\006\107\000\040\006\057\006\061\000\040\006\106\006\102\006\064\006\107}{chapter.4.1}% 60
\BOOKMARK [1][-]{section.4.1.2}{\376\377\006\047\006\314\006\057\006\107\006\124\000\040\006\064\006\107\006\110\006\057\006\314}{chapter.4.1}% 61
\BOOKMARK [1][-]{section.4.1.3}{\376\377\006\055\006\057\006\047\006\102\006\104\000\040\006\101\006\061\006\105\006\047\006\104\006\314\006\063\006\105}{chapter.4.1}% 62
\BOOKMARK [1][-]{section.4.1.4}{\376\377\006\047\006\061\006\052\006\050\006\047\006\067}{chapter.4.1}% 63
\BOOKMARK [1][-]{section.4.1.5}{\376\377\006\206\006\107\000\040\006\110\006\102\006\052\000\040\006\047\006\063\006\052\006\101\006\047\006\057\006\107\000\040\006\105\006\314\040\014\006\064\006\110\006\057}{chapter.4.1}% 64
\BOOKMARK [0][-]{chapter.4.2}{\376\377\006\057\006\110\000\040\006\061\006\107\006\314\006\047\006\101\006\052\000:\000\040\006\052\006\055\006\110\006\104\000\040\006\062\006\105\006\047\006\106\006\314\000\040\006\110\000\040\006\105\006\055\006\047\006\063\006\050\006\107\006\124\000\040\006\042\006\057\006\314\006\047\006\050\006\047\006\052\006\314\006\251}{part.4}% 65
\BOOKMARK [1][-]{section.4.2.1}{\376\377\006\054\006\047\006\314\006\257\006\047\006\107\000\040\006\057\006\061\000\040\006\106\006\102\006\064\006\107}{chapter.4.2}% 66
\BOOKMARK [1][-]{section.4.2.2}{\376\377\006\047\006\314\006\057\006\107\006\124\000\040\006\064\006\107\006\110\006\057\006\314}{chapter.4.2}% 67
\BOOKMARK [1][-]{section.4.2.3}{\376\377\006\061\006\107\006\314\006\047\006\101\006\052\000\040\006\052\006\055\006\110\006\104\000\040\006\062\006\105\006\047\006\106\006\314\000:\000\040\006\101\006\061\006\105\006\110\006\104\000\040\006\110\000\040\006\176\006\047\006\061\006\047\006\105\006\052\006\061\006\107\006\047}{chapter.4.2}% 68
\BOOKMARK [1][-]{section.4.2.4}{\376\377\006\061\006\057\006\107\006\124\000\040\006\105\006\063\006\047\006\046\006\104\000\040\006\105\006\106\006\047\006\063\006\050\000\040\006\052\006\055\006\110\006\104\000\040\006\062\006\105\006\047\006\106\006\314}{chapter.4.2}% 69
\BOOKMARK [1][-]{section.4.2.5}{\376\377\006\105\006\053\006\047\006\104\000\040\006\251\006\047\006\061\006\314\000:\000\040\006\314\006\251\000\040\006\047\006\063\006\176\006\314\006\106\000\040\006\057\006\061\000\040\006\105\006\314\006\057\006\047\006\106\000\040\006\071\006\061\006\066\006\314}{chapter.4.2}% 70
\BOOKMARK [1][-]{section.4.2.6}{\376\377\006\102\006\066\006\314\006\107\006\124\000\040\006\042\006\057\006\314\006\047\006\050\006\047\006\052\006\314\006\251\000:\000\040\006\101\006\061\006\105\006\110\006\104\000\040\006\110\000\040\006\176\006\047\006\061\006\047\006\105\006\052\006\061\006\107\006\047}{chapter.4.2}% 71
\BOOKMARK [1][-]{section.4.2.7}{\376\377\006\061\006\057\006\107\006\124\000\040\006\105\006\063\006\047\006\046\006\104\000\040\006\105\006\106\006\047\006\063\006\050\000\040\006\042\006\057\006\314\006\047\006\050\006\047\006\052\006\314\006\251}{chapter.4.2}% 72
\BOOKMARK [1][-]{section.4.2.8}{\376\377\006\105\006\053\006\047\006\104\000\040\006\251\006\047\006\061\006\314\000:\000\040\006\047\006\062\000\040\006\105\006\314\006\057\006\047\006\106\000\040\006\071\006\061\006\066\006\314\000\040\006\050\006\107\000\040\000I\000s\000i\000n\000g}{chapter.4.2}% 73
\BOOKMARK [1][-]{section.4.2.9}{\376\377\006\257\006\047\006\101\000\040\006\047\006\106\006\061\006\230\006\314\000:\000\040\006\052\006\071\006\061\006\314\006\101\000\040\006\057\006\102\006\314\006\102\000\040\006\110\000\040\006\106\006\102\006\064\000\040\006\052\006\102\006\047\006\061\006\106}{chapter.4.2}% 74
\BOOKMARK [2][-]{subsection.4.2.9.1}{\376\377\006\257\006\047\006\101\000\040\006\251\006\104\006\014\000\040\006\257\006\047\006\101\000\040\006\050\006\056\006\064\000\040\006\052\006\102\006\047\006\061\006\106\006\314\000\040\006\110\000\040\006\257\006\047\006\101\000\040\006\062\006\314\006\061\040\014\006\101\006\066\006\047\006\314\000\040\006\107\006\057\006\101}{section.4.2.9}% 75
\BOOKMARK [2][-]{subsection.4.2.9.2}{\376\377\006\206\006\061\006\047\000\040\006\251\006\110\006\206\006\251\040\014\006\052\006\061\006\314\006\106\000\040\006\101\006\047\006\065\006\104\006\107\000\040\006\050\006\107\040\014\006\052\006\106\006\107\006\047\006\314\006\314\000\040\006\251\006\047\006\101\006\314\000\040\006\106\006\314\006\063\006\052\006\037}{section.4.2.9}% 76
\BOOKMARK [1][-]{section.4.2.10}{\376\377\006\047\006\062\000\040\006\257\006\047\006\101\000\040\006\052\006\047\000\040\006\062\006\105\006\047\006\106\000:\000\040\006\064\006\061\006\067\000\040\006\105\006\055\006\104\006\314\006\014\000\040\006\251\006\061\006\047\006\106\000\040\006\110\000\040\006\042\006\062\006\105\006\110\006\106\000\040\006\057\006\314\006\106\006\047\006\105\006\314\006\251\006\314}{chapter.4.2}% 77
\BOOKMARK [2][-]{subsection.4.2.10.1}{\376\377\006\063\006\107\000\040\006\105\006\071\006\106\006\047\006\314\000\040\006\105\006\052\006\101\006\047\006\110\006\052\000\040\006\050\006\061\006\047\006\314\000\040\006\062\006\105\006\047\006\106\000\040\006\104\006\047\006\062\006\105}{section.4.2.10}% 78
\BOOKMARK [2][-]{subsection.4.2.10.2}{\376\377\006\062\006\105\006\047\006\106\040\014\006\050\006\106\006\057\006\314\000\040\006\105\006\055\006\104\006\314\000:\000\040\006\251\006\054\006\047\000\040\006\050\006\047\006\314\006\057\000\040\006\042\006\107\006\063\006\052\006\107\040\014\006\052\006\061\000\040\006\061\006\101\006\052\006\037}{section.4.2.10}% 79
\BOOKMARK [2][-]{subsection.4.2.10.3}{\376\377\006\052\006\102\006\047\006\067\006\071\000\040\006\047\006\054\006\052\006\106\006\047\006\050\006\314\000\040\006\110\000\040\006\052\006\102\006\061\006\314\006\050\000\040\006\057\006\110\040\014\006\052\006\061\006\047\006\062\006\314}{section.4.2.10}% 80
\BOOKMARK [1][-]{section.4.2.11}{\376\377\006\105\006\055\006\047\006\063\006\050\006\107\006\124\000\040\006\102\006\047\006\050\006\104\040\014\006\050\006\047\006\062\006\052\006\110\006\104\006\314\006\057\000\040\006\257\006\047\006\101\000\040\006\057\006\061\000\040\006\105\006\053\006\047\006\104\000\040\006\057\006\110\000\040\006\047\006\063\006\176\006\314\006\106}{chapter.4.2}% 81
\BOOKMARK [2][-]{subsection.4.2.11.1}{\376\377\006\251\006\047\006\107\006\064\000\040\006\105\006\047\006\052\006\061\006\314\006\063\000\040\006\050\006\047\000\040\006\052\006\102\006\047\006\061\006\106}{section.4.2.11}% 82
\BOOKMARK [2][-]{subsection.4.2.11.2}{\376\377\006\251\006\105\006\314\006\106\006\107\040\014\006\063\006\047\006\062\006\314\000\040\006\061\006\110\006\314\000\040\006\105\006\063\006\314\006\061\000\040\006\110\000\040\006\056\006\067\006\047\006\314\000\040\006\064\006\050\006\251\006\107}{section.4.2.11}% 83
\BOOKMARK [2][-]{subsection.4.2.11.3}{\376\377\006\042\006\062\006\105\006\110\006\106\000\040\006\105\006\063\006\052\006\102\006\314\006\105\000\040\006\062\006\105\006\047\006\106\040\014\006\050\006\106\006\057\006\314}{section.4.2.11}% 84
\BOOKMARK [2][-]{subsection.4.2.11.4}{\376\377\006\257\006\047\006\101\000\040\006\065\006\101\006\061\006\014\000\040\006\110\006\104\006\314\000\040\006\257\006\060\006\047\006\061\000\040\006\105\006\105\006\106\006\110\006\071}{section.4.2.11}% 85
\BOOKMARK [1][-]{section.4.2.12}{\376\377\006\061\006\110\006\064\040\014\006\107\006\047\006\314\000\040\006\105\006\055\006\047\006\063\006\050\006\107\006\124\000\040\006\257\006\047\006\101\000:\000\040\006\047\006\106\006\052\006\056\006\047\006\050\000\040\006\050\006\061\000\040\006\047\006\063\006\047\006\063\000\040\006\063\006\047\006\056\006\052\006\047\006\061}{chapter.4.2}% 86
\BOOKMARK [2][-]{subsection.4.2.12.1}{\376\377\006\102\006\067\006\061\006\314\040\014\006\063\006\047\006\062\006\314\006\014\000\040\006\104\006\047\006\106\006\206\006\110\006\063\000\040\006\110\000\040\006\064\006\050\006\251\006\107\006\124\000\040\006\052\006\047\006\106\006\063\006\110\006\061\006\314}{section.4.2.12}% 87
\BOOKMARK [2][-]{subsection.4.2.12.2}{\376\377\006\257\006\047\006\101\000\040\006\047\006\062\000\040\006\107\006\105\006\050\006\063\006\052\006\257\006\314\000:\000\040\006\251\006\057\006\047\006\105\000\040\006\052\006\061\006\047\006\062\000\040\006\057\006\314\006\057\006\107\000\040\006\105\006\314\040\014\006\064\006\110\006\057\006\037}{section.4.2.12}% 88
\BOOKMARK [2][-]{subsection.4.2.12.3}{\376\377\000Q\000P\000E\006\014\000\040\000V\000Q\000D\000\040\006\110\000\040\006\102\006\067\006\061\006\314\040\014\006\063\006\047\006\062\006\314\000\040\006\062\006\314\006\061\006\101\006\066\006\047\006\314\000\040\006\251\006\110\006\047\006\106\006\052\006\110\006\105\006\314}{section.4.2.12}% 89
\BOOKMARK [2][-]{subsection.4.2.12.4}{\376\377\006\050\006\061\006\042\006\110\006\061\006\057\000\040\006\105\006\063\006\052\006\102\006\314\006\105\000\040\006\047\006\062\000\040\006\106\006\110\006\063\006\047\006\106\000\040\006\057\006\110\000\040\006\055\006\047\006\104\006\052}{section.4.2.12}% 90
\BOOKMARK [1][-]{section.4.2.13}{\376\377\006\047\006\101\006\062\006\047\006\314\006\064\000\040\006\047\006\106\006\057\006\047\006\062\006\107\006\014\000\040\006\050\006\055\006\061\006\047\006\106\006\314\040\014\006\064\006\057\006\106\000\040\006\110\000\040\006\176\006\314\006\206\006\314\006\057\006\257\006\314}{chapter.4.2}% 91
\BOOKMARK [2][-]{subsection.4.2.13.1}{\376\377\006\052\006\071\006\057\006\047\006\057\000\040\006\251\006\314\006\110\006\050\006\314\006\052\000\040\006\110\000\040\006\110\006\047\006\055\006\057\000\040\006\047\006\106\006\061\006\230\006\314}{section.4.2.13}% 92
\BOOKMARK [2][-]{subsection.4.2.13.2}{\376\377\006\063\006\107\000\040\006\061\006\101\006\052\006\047\006\061\000\040\006\110\000\040\006\314\006\251\000\040\006\105\006\053\006\047\006\104\000\040\006\055\006\104\040\014\006\176\006\060\006\314\006\061}{section.4.2.13}% 93
\BOOKMARK [2][-]{subsection.4.2.13.3}{\376\377\006\107\006\062\006\314\006\106\006\107\006\124\000\040\006\314\006\047\006\101\006\052\006\106\000\040\006\257\006\047\006\101\000\040\006\057\006\061\000\040\006\050\006\061\006\047\006\050\006\061\000\040\006\107\006\062\006\314\006\106\006\107\006\124\000\040\006\047\006\054\006\061\006\047}{section.4.2.13}% 94
\BOOKMARK [1][-]{section.4.2.14}{\376\377\006\251\006\047\006\107\006\064\000\040\006\062\006\105\006\047\006\106\000\040\006\110\000\040\006\050\006\107\006\047\006\314\000\040\006\042\006\106}{chapter.4.2}% 95
\BOOKMARK [1][-]{section.4.2.15}{\376\377\006\105\006\061\006\110\006\061\000\040\006\107\006\057\006\101\006\105\006\106\006\057\000\040\006\105\006\106\006\047\006\050\006\071\000\040\006\110\000\040\006\061\006\110\006\064\040\014\006\107\006\047\006\314\000\040\006\054\006\047\006\061\006\314}{chapter.4.2}% 96
\BOOKMARK [1][-]{section.4.2.16}{\376\377\006\054\006\061\006\314\006\047\006\106\000\040\006\251\006\047\006\061\006\314\000\040\006\110\000\040\006\105\006\063\006\314\006\061\006\107\006\047\006\314\000\040\006\176\006\314\006\064\006\106\006\107\006\047\006\057\006\314\000\040\006\176\006\230\006\110\006\107\006\064}{chapter.4.2}% 97
\BOOKMARK [1][-]{section.4.2.17}{\376\377\006\047\006\061\006\052\006\050\006\047\006\067}{chapter.4.2}% 98
\BOOKMARK [1][-]{section.4.2.18}{\376\377\006\206\006\107\000\040\006\110\006\102\006\052\000\040\006\047\006\063\006\052\006\101\006\047\006\057\006\107\000\040\006\105\006\314\040\014\006\064\006\110\006\057}{chapter.4.2}% 99
\BOOKMARK [-1][-]{part.5}{\376\377\006\050\006\056\006\064\000\040\0005\000\040\006\054\006\071\006\050\006\107\000\040\006\047\006\050\006\062\006\047\006\061}{}% 100
\BOOKMARK [0][-]{chapter.5.1}{\376\377\006\054\006\071\006\050\006\107\000\040\006\047\006\050\006\062\006\047\006\061\000\040\006\057\006\314\006\054\006\314\006\052\006\047\006\104\000:\000\040\000T\000r\000o\000t\000t\000e\000r\006\014\000\040\000L\000C\000U\006\014\000\040\000Q\000S\000P}{part.5}% 101
\BOOKMARK [1][-]{section.5.1.1}{\376\377\006\054\006\047\006\314\006\257\006\047\006\107\000\040\006\057\006\061\000\040\006\106\006\102\006\064\006\107}{chapter.5.1}% 102
\BOOKMARK [1][-]{section.5.1.2}{\376\377\006\047\006\314\006\057\006\107\006\124\000\040\006\064\006\107\006\110\006\057\006\314}{chapter.5.1}% 103
\BOOKMARK [1][-]{section.5.1.3}{\376\377\000T\000r\000o\000t\000t\000e\000r\000:\000\040\006\101\006\061\006\105\006\110\006\104\006\014\000\040\006\056\006\067\006\047\006\014\000\040\006\176\006\047\006\061\006\047\006\105\006\052\006\061\006\107\006\047}{chapter.5.1}% 104
\BOOKMARK [1][-]{section.5.1.4}{\376\377\006\105\006\053\006\047\006\104\000\040\006\251\006\047\006\061\006\314\000\040\000T\000r\000o\000t\000t\000e\000r\000:\000\040\006\314\006\251\000\040\006\251\006\314\006\110\006\050\006\314\006\052\000\040\006\050\006\047\000\040\000H\000=\000X\000+\000Z}{chapter.5.1}% 105
\BOOKMARK [1][-]{section.5.1.5}{\376\377\000L\000C\000U\000:\000\040\006\101\006\061\006\105\006\110\006\104\000\040\006\110\000\040\006\176\006\047\006\061\006\047\006\105\006\052\006\061\006\107\006\047}{chapter.5.1}% 106
\BOOKMARK [1][-]{section.5.1.6}{\376\377\006\105\006\053\006\047\006\104\000\040\006\251\006\047\006\061\006\314\000\040\000L\000C\000U\000:\000\040\006\106\006\064\006\047\006\106\006\057\006\106\000\040\000H\000=\000X\000+\000Z}{chapter.5.1}% 107
\BOOKMARK [1][-]{section.5.1.7}{\376\377\000Q\000S\000P\000/\000Q\000S\000V\000T\000:\000\040\006\101\006\061\006\105\006\110\006\104\000\040\006\110\000\040\006\176\006\047\006\061\006\047\006\105\006\052\006\061\006\107\006\047}{chapter.5.1}% 108
\BOOKMARK [1][-]{section.5.1.8}{\376\377\006\105\006\053\006\047\006\104\000\040\006\251\006\047\006\061\006\314\000\040\000Q\000S\000P\000:\000\040\006\047\006\062\000\040\006\050\006\104\006\110\006\251\000\040\000H\000\040\006\052\006\047\000\040\000f\000\050\000H\000\051}{chapter.5.1}% 109
\BOOKMARK [1][-]{section.5.1.9}{\376\377\006\054\006\057\006\110\006\104\000\040\006\105\006\102\006\047\006\314\006\063\006\107\006\124\000\040\006\047\006\050\006\062\006\047\006\061\006\107\006\047}{chapter.5.1}% 110
\BOOKMARK [1][-]{section.5.1.10}{\376\377\006\047\006\061\006\052\006\050\006\047\006\067}{chapter.5.1}% 111
\BOOKMARK [1][-]{section.5.1.11}{\376\377\006\206\006\107\000\040\006\110\006\102\006\052\000\040\006\047\006\063\006\052\006\101\006\047\006\057\006\107\000\040\006\105\006\314\040\014\006\064\006\110\006\057}{chapter.5.1}% 112
\BOOKMARK [0][-]{chapter.5.2}{\376\377\006\047\006\050\006\062\006\047\006\061\006\107\006\047\006\314\000\040\006\067\006\314\006\101\006\314\000\040\006\110\000\040\006\052\006\061\006\251\006\314\006\050\006\314\000:\000\040\000Q\000P\000E\006\014\000\040\000V\000Q\000E\006\014\000\040\000Q\000A\000O\000A}{part.5}% 113
\BOOKMARK [1][-]{section.5.2.1}{\376\377\006\054\006\047\006\314\006\257\006\047\006\107\000\040\006\057\006\061\000\040\006\106\006\102\006\064\006\107}{chapter.5.2}% 114
\BOOKMARK [1][-]{section.5.2.2}{\376\377\006\047\006\314\006\057\006\107\006\124\000\040\006\064\006\107\006\110\006\057\006\314}{chapter.5.2}% 115
\BOOKMARK [1][-]{section.5.2.3}{\376\377\000Q\000P\000E\000:\000\040\006\101\006\061\006\105\006\110\006\104\000\040\006\110\000\040\006\176\006\047\006\061\006\047\006\105\006\052\006\061\006\107\006\047}{chapter.5.2}% 116
\BOOKMARK [1][-]{section.5.2.4}{\376\377\006\061\006\057\006\107\006\124\000\040\006\105\006\063\006\047\006\046\006\104\000\040\006\105\006\106\006\047\006\063\006\050\000\040\000Q\000P\000E}{chapter.5.2}% 117
\BOOKMARK [1][-]{section.5.2.5}{\376\377\006\105\006\053\006\047\006\104\000\040\006\251\006\047\006\061\006\314\000\040\000Q\000P\000E\000:\000\040\006\314\006\251\000\040\006\251\006\314\006\110\006\050\006\314\006\052\000\040\006\050\006\047\000\040\006\101\006\047\006\062\000\040\000=\0001\000/\0004}{chapter.5.2}% 118
\BOOKMARK [1][-]{section.5.2.6}{\376\377\000V\000Q\000E\000:\000\040\006\101\006\061\006\105\006\110\006\104\000\040\006\110\000\040\006\176\006\047\006\061\006\047\006\105\006\052\006\061\006\107\006\047}{chapter.5.2}% 119
\BOOKMARK [1][-]{section.5.2.7}{\376\377\006\061\006\057\006\107\006\124\000\040\006\105\006\063\006\047\006\046\006\104\000\040\006\105\006\106\006\047\006\063\006\050\000\040\000V\000Q\000E}{chapter.5.2}% 120
\BOOKMARK [1][-]{section.5.2.8}{\376\377\006\105\006\053\006\047\006\104\000\040\006\251\006\047\006\061\006\314\000\040\000V\000Q\000E\000:\000\040\006\314\006\251\000\040\006\251\006\314\006\110\006\050\006\314\006\052\000\040\006\050\006\047\000\040\006\042\006\106\006\062\006\047\006\052\000\040\000R\000Y}{chapter.5.2}% 121
\BOOKMARK [1][-]{section.5.2.9}{\376\377\000Q\000A\000O\000A\000:\000\040\006\101\006\061\006\105\006\110\006\104\006\014\000\040\006\064\006\107\006\110\006\057\006\014\000\040\006\110\000\040\006\054\006\047\006\314\000\040\006\042\006\106\000\040\006\057\006\061\000\040\006\106\006\102\006\064\006\107}{chapter.5.2}% 122
\BOOKMARK [2][-]{subsection.5.2.9.1}{\376\377\006\101\006\061\006\105\006\110\006\104\000\040\006\110\000\040\006\176\006\047\006\061\006\047\006\105\006\052\006\061\006\107\006\047}{section.5.2.9}% 123
\BOOKMARK [2][-]{subsection.5.2.9.2}{\376\377\006\176\006\314\006\110\006\106\006\057\000\040\006\050\006\047\000\040\006\042\006\057\006\314\006\047\006\050\006\047\006\052\006\314\006\251\000\040\006\110\000\040\006\050\006\047\000\040\000V\000Q\000E}{section.5.2.9}% 124
\BOOKMARK [2][-]{subsection.5.2.9.3}{\376\377\006\061\006\057\006\107\006\124\000\040\006\105\006\063\006\047\006\046\006\104\000\040\006\105\006\106\006\047\006\063\006\050}{section.5.2.9}% 125
\BOOKMARK [1][-]{section.5.2.10}{\376\377\006\105\006\053\006\047\006\104\000\040\006\251\006\047\006\061\006\314\000\040\000Q\000A\000O\000A\000:\000\040\006\057\006\110\000\040\006\251\006\314\006\110\006\050\006\314\006\052\000\040\006\110\000\040\000H\000C\000=\000-\000Z\0001\000Z\0002}{chapter.5.2}% 126
\BOOKMARK [1][-]{section.5.2.11}{\376\377\006\047\006\061\006\052\006\050\006\047\006\067}{chapter.5.2}% 127
\BOOKMARK [1][-]{section.5.2.12}{\376\377\006\206\006\107\000\040\006\110\006\102\006\052\000\040\006\047\006\063\006\052\006\101\006\047\006\057\006\107\000\040\006\105\006\314\040\014\006\064\006\110\006\057}{chapter.5.2}% 128
\BOOKMARK [-1][-]{part.6}{\376\377\006\050\006\056\006\064\000\040\0006\000\040\006\047\006\054\006\061\006\047\006\014\000\040\006\061\006\047\006\063\006\052\006\314\040\014\006\042\006\062\006\105\006\047\006\314\006\314\000\040\006\110\000\040\006\102\006\067\006\050\040\014\006\106\006\105\006\047}{}% 129
\BOOKMARK [0][-]{chapter.6.1}{\376\377\006\057\006\314\006\054\006\314\006\052\006\047\006\104\006\014\000\040\006\042\006\106\006\047\006\104\006\110\006\257\006\014\000\040\006\052\006\061\006\251\006\314\006\050\006\314}{part.6}% 130
\BOOKMARK [1][-]{section.6.1.1}{\376\377\006\054\006\047\006\314\006\257\006\047\006\107\000\040\006\057\006\061\000\040\006\106\006\102\006\064\006\107}{chapter.6.1}% 131
\BOOKMARK [1][-]{section.6.1.2}{\376\377\006\047\006\314\006\057\006\107\006\124\000\040\006\064\006\107\006\110\006\057\006\314}{chapter.6.1}% 132
\BOOKMARK [1][-]{section.6.1.3}{\376\377\006\064\006\050\006\314\006\107\040\014\006\063\006\047\006\062\006\314\000\040\006\042\006\106\006\047\006\104\006\110\006\257\000:\000\040\006\101\006\061\006\105\006\110\006\104\000\040\006\110\000\040\006\052\006\105\006\047\006\314\006\062\006\107\006\047}{chapter.6.1}% 133
\BOOKMARK [2][-]{subsection.6.1.3.1}{\376\377\006\052\006\071\006\061\006\314\006\101\000\040\006\251\006\047\006\061\006\314}{section.6.1.3}% 134
\BOOKMARK [2][-]{subsection.6.1.3.2}{\376\377\006\063\006\107\000\040\006\206\006\314\006\062\006\314\000\040\006\251\006\107\000\040\006\106\006\050\006\047\006\314\006\057\000\040\006\102\006\047\006\067\006\314\000\040\006\064\006\110\006\106\006\057}{section.6.1.3}% 135
\BOOKMARK [2][-]{subsection.6.1.3.3}{\376\377\006\176\006\047\006\061\006\047\006\105\006\052\006\061\006\107\006\047\000\040\006\110\000\040\006\257\006\104\006\110\006\257\006\047\006\107\040\014\006\107\006\047}{section.6.1.3}% 136
\BOOKMARK [2][-]{subsection.6.1.3.4}{\376\377\006\061\006\057\006\107\006\124\000\040\006\105\006\063\006\047\006\046\006\104\000\040\006\105\006\106\006\047\006\063\006\050\000\040\006\042\006\106\006\047\006\104\006\110\006\257}{section.6.1.3}% 137
\BOOKMARK [1][-]{section.6.1.4}{\376\377\006\105\006\053\006\047\006\104\000\040\006\251\006\047\006\061\006\314\000\040\006\042\006\106\006\047\006\104\006\110\006\257\000:\000\040\006\057\006\314\006\106\006\047\006\105\006\314\006\251\000\040\006\057\006\110\000\040\006\047\006\063\006\176\006\314\006\106\006\120\000\040\000T\000F\000I\000M}{chapter.6.1}% 138
\BOOKMARK [1][-]{section.6.1.5}{\376\377\006\055\006\057\006\047\006\102\006\104\000\040\006\101\006\061\006\105\006\047\006\104\006\314\006\063\006\105\000\040\040\024\000\040\006\206\006\251\040\014\006\104\006\314\006\063\006\052\000\040\006\047\006\054\006\061\006\047}{chapter.6.1}% 139
\BOOKMARK [1][-]{section.6.1.6}{\376\377\006\047\006\061\006\052\006\050\006\047\006\067}{chapter.6.1}% 140
\BOOKMARK [1][-]{section.6.1.7}{\376\377\006\206\006\107\000\040\006\110\006\102\006\052\000\040\006\047\006\063\006\052\006\101\006\047\006\057\006\107\000\040\006\105\006\314\040\014\006\064\006\110\006\057}{chapter.6.1}% 141
\BOOKMARK [0][-]{chapter.6.2}{\376\377\006\050\006\063\006\052\006\106\000\040\006\055\006\104\006\102\006\107\000:\000\040\006\047\006\106\006\057\006\047\006\062\006\107\040\014\006\257\006\314\006\061\006\314\006\014\000\040\006\061\006\047\006\063\006\052\006\314\040\014\006\042\006\062\006\105\006\047\006\314\006\314\006\014\000\040\006\050\006\061\006\042\006\110\006\061\006\057\000\040\006\105\006\106\006\047\006\050\006\071}{part.6}% 142
\BOOKMARK [1][-]{section.6.2.1}{\376\377\006\054\006\047\006\314\006\257\006\047\006\107\000\040\006\057\006\061\000\040\006\106\006\102\006\064\006\107}{chapter.6.2}% 143
\BOOKMARK [1][-]{section.6.2.2}{\376\377\006\047\006\314\006\057\006\107\006\124\000\040\006\064\006\107\006\110\006\057\006\314}{chapter.6.2}% 144
\BOOKMARK [1][-]{section.6.2.3}{\376\377\006\055\006\057\006\047\006\102\006\104\000\040\006\101\006\061\006\105\006\047\006\104\006\314\006\063\006\105}{chapter.6.2}% 145
\BOOKMARK [1][-]{section.6.2.4}{\376\377\006\047\006\061\006\052\006\050\006\047\006\067}{chapter.6.2}% 146
\BOOKMARK [1][-]{section.6.2.5}{\376\377\006\206\006\107\000\040\006\110\006\102\006\052\000\040\006\047\006\063\006\052\006\101\006\047\006\057\006\107\000\040\006\105\006\314\040\014\006\064\006\110\006\057}{chapter.6.2}% 147
\BOOKMARK [0][-]{chapter.6.3}{\376\377\006\102\006\067\006\050\040\014\006\106\006\105\006\047\006\314\000\040\006\176\006\230\006\110\006\107\006\064}{part.6}% 148
\BOOKMARK [1][-]{section.6.3.1}{\376\377\006\054\006\047\006\314\006\257\006\047\006\107\000\040\006\057\006\061\000\040\006\106\006\102\006\064\006\107}{chapter.6.3}% 149
\BOOKMARK [1][-]{section.6.3.2}{\376\377\006\047\006\314\006\057\006\107\006\124\000\040\006\064\006\107\006\110\006\057\006\314}{chapter.6.3}% 150
\BOOKMARK [1][-]{section.6.3.3}{\376\377\006\055\006\057\006\047\006\102\006\104\000\040\006\101\006\061\006\105\006\047\006\104\006\314\006\063\006\105}{chapter.6.3}% 151
\BOOKMARK [1][-]{section.6.3.4}{\376\377\006\047\006\061\006\052\006\050\006\047\006\067}{chapter.6.3}% 152
\BOOKMARK [1][-]{section.6.3.5}{\376\377\006\206\006\107\000\040\006\110\006\102\006\052\000\040\006\047\006\063\006\052\006\101\006\047\006\057\006\107\000\040\006\105\006\314\040\014\006\064\006\110\006\057}{chapter.6.3}% 153
\BOOKMARK [0][-]{chapter.6.4}{\376\377\006\110\006\047\006\230\006\107\040\014\006\106\006\047\006\105\006\107\006\124\000\040\006\105\006\065\006\110\006\050}{part.6}% 154
\BOOKMARK [0][-]{section*.155}{\376\377\006\105\006\061\006\047\006\054\006\071}{part.6}% 155
